
Allocating common symbols
Common symbol       size              file

kbd_buf             0x6c              build/keyboard.o
thread_ready_list   0x10              build/thread.o
thread_all_list     0x10              build/thread.o
user_pool           0x2c              build/memory.o
channel_cnt         0x1               build/ide.o
k_block_descs       0xa8              build/memory.o
idle_thread         0x4               build/thread.o
intr_name           0x204             build/interrupt.o
main_thread         0x4               build/thread.o
channels            0xcc0             build/ide.o
ticks               0x4               build/timer.o
kernel_vaddr        0xc               build/memory.o
syscall_table       0x80              build/syscall-init.o
idt_table           0x204             build/interrupt.o
partition_list      0x10              build/ide.o
kernel_pool         0x2c              build/memory.o
pid_lock            0x1c              build/thread.o

Discarded input sections

 .note.GNU-stack
                0x0000000000000000        0x0 build/main.o
 .note.GNU-stack
                0x0000000000000000        0x0 build/init.o
 .note.GNU-stack
                0x0000000000000000        0x0 build/interrupt.o
 .note.GNU-stack
                0x0000000000000000        0x0 build/timer.o
 .note.GNU-stack
                0x0000000000000000        0x0 build/debug.o
 .note.GNU-stack
                0x0000000000000000        0x0 build/memory.o
 .note.GNU-stack
                0x0000000000000000        0x0 build/bitmap.o
 .note.GNU-stack
                0x0000000000000000        0x0 build/string.o
 .note.GNU-stack
                0x0000000000000000        0x0 build/thread.o
 .note.GNU-stack
                0x0000000000000000        0x0 build/list.o
 .note.GNU-stack
                0x0000000000000000        0x0 build/console.o
 .note.GNU-stack
                0x0000000000000000        0x0 build/sync.o
 .note.GNU-stack
                0x0000000000000000        0x0 build/keyboard.o
 .note.GNU-stack
                0x0000000000000000        0x0 build/ioqueue.o
 .note.GNU-stack
                0x0000000000000000        0x0 build/tss.o
 .note.GNU-stack
                0x0000000000000000        0x0 build/process.o
 .note.GNU-stack
                0x0000000000000000        0x0 build/syscall.o
 .note.GNU-stack
                0x0000000000000000        0x0 build/syscall-init.o
 .note.GNU-stack
                0x0000000000000000        0x0 build/stdio.o
 .note.GNU-stack
                0x0000000000000000        0x0 build/ide.o
 .note.GNU-stack
                0x0000000000000000        0x0 build/stdio-kernel.o
 .note.GNU-stack
                0x0000000000000000        0x0 build/fs.o
 .note.GNU-stack
                0x0000000000000000        0x0 build/inode.o
 .note.GNU-stack
                0x0000000000000000        0x0 build/file.o
 .note.GNU-stack
                0x0000000000000000        0x0 build/dir.o

Memory Configuration

Name             Origin             Length             Attributes
*default*        0x0000000000000000 0xffffffffffffffff

Linker script and memory map

Address of section .text set to 0xc0001500
LOAD build/main.o
LOAD build/init.o
LOAD build/interrupt.o
LOAD build/timer.o
LOAD build/kernel.o
LOAD build/print.o
LOAD build/debug.o
LOAD build/memory.o
LOAD build/bitmap.o
LOAD build/string.o
LOAD build/thread.o
LOAD build/list.o
LOAD build/switch.o
LOAD build/console.o
LOAD build/sync.o
LOAD build/keyboard.o
LOAD build/ioqueue.o
LOAD build/tss.o
LOAD build/process.o
LOAD build/syscall.o
LOAD build/syscall-init.o
LOAD build/stdio.o
LOAD build/ide.o
LOAD build/stdio-kernel.o
LOAD build/fs.o
LOAD build/inode.o
LOAD build/file.o
LOAD build/dir.o
                0x0000000008048000                PROVIDE (__executable_start, 0x8048000)
                0x0000000008048094                . = (0x8048000 + SIZEOF_HEADERS)

.interp
 *(.interp)

.note.gnu.build-id
 *(.note.gnu.build-id)

.hash
 *(.hash)

.gnu.hash
 *(.gnu.hash)

.dynsym
 *(.dynsym)

.dynstr
 *(.dynstr)

.gnu.version
 *(.gnu.version)

.gnu.version_d
 *(.gnu.version_d)

.gnu.version_r
 *(.gnu.version_r)

.rel.dyn        0x0000000008048094        0x0
 *(.rel.init)
 *(.rel.text .rel.text.* .rel.gnu.linkonce.t.*)
 .rel.text      0x0000000000000000        0x0 build/main.o
 *(.rel.fini)
 *(.rel.rodata .rel.rodata.* .rel.gnu.linkonce.r.*)
 *(.rel.data.rel.ro .rel.data.rel.ro.* .rel.gnu.linkonce.d.rel.ro.*)
 *(.rel.data .rel.data.* .rel.gnu.linkonce.d.*)
 *(.rel.tdata .rel.tdata.* .rel.gnu.linkonce.td.*)
 *(.rel.tbss .rel.tbss.* .rel.gnu.linkonce.tb.*)
 *(.rel.ctors)
 *(.rel.dtors)
 *(.rel.got)
 *(.rel.bss .rel.bss.* .rel.gnu.linkonce.b.*)
 *(.rel.ifunc)

.rel.plt        0x0000000008048094        0x0
 *(.rel.plt)
                0x0000000008048094                PROVIDE (__rel_iplt_start, .)
 *(.rel.iplt)
 .rel.iplt      0x0000000000000000        0x0 build/main.o
                0x0000000008048094                PROVIDE (__rel_iplt_end, .)

.init
 *(SORT(.init))

.plt            0x00000000080480a0        0x0
 *(.plt)
 *(.iplt)
 .iplt          0x0000000000000000        0x0 build/main.o

.text           0x00000000c0001500     0x56aa
 *(.text.unlikely .text.*_unlikely .text.unlikely.*)
 *(.text.exit .text.exit.*)
 *(.text.startup .text.startup.*)
 *(.text.hot .text.hot.*)
 *(.text .stub .text.* .gnu.linkonce.t.*)
 .text          0x00000000c0001500       0x1c build/main.o
                0x00000000c0001500                main
 .text          0x00000000c000151c       0x4b build/init.o
                0x00000000c000151c                init_all
 .text          0x00000000c0001567      0x480 build/interrupt.o
                0x00000000c00018d5                intr_enable
                0x00000000c00018fe                intr_disable
                0x00000000c0001927                intr_set_status
                0x00000000c0001945                intr_get_status
                0x00000000c0001969                register_handler
                0x00000000c0001985                idt_init
 .text          0x00000000c00019e7      0x209 build/timer.o
                0x00000000c0001b3e                mtime_sleep
                0x00000000c0001b90                timer_init
 .text          0x00000000c0001bf0      0x55b build/kernel.o
                0x00000000c0001bf0                intr_exit
                0x00000000c0002127                syscall_handler
 *fill*         0x00000000c000214b        0x5 
 .text          0x00000000c0002150      0x172 build/print.o
                0x00000000c0002150                put_str
                0x00000000c000216e                put_char
                0x00000000c000223b                put_int
                0x00000000c000229e                set_cursor
 .text          0x00000000c00022c2       0xa5 build/debug.o
                0x00000000c00022c2                panic_spin
 .text          0x00000000c0002367     0x113c build/memory.o
                0x00000000c0002497                pte_ptr
                0x00000000c00024c7                pde_ptr
                0x00000000c0002667                malloc_page
                0x00000000c0002731                get_kernel_pages
                0x00000000c000278d                get_user_pages
                0x00000000c00027e9                get_a_page
                0x00000000c000296f                addr_v2p
                0x00000000c00029c2                sys_malloc
                0x00000000c0002cf1                pfree
                0x00000000c0002e34                mfree_page
                0x00000000c0003011                sys_free
                0x00000000c00033d4                block_desc_init
                0x00000000c0003462                mem_init
 .text          0x00000000c00034a3      0x266 build/bitmap.o
                0x00000000c00034a3                bitmap_init
                0x00000000c00034ca                bitmap_scan_test
                0x00000000c000350a                bitmap_scan
                0x00000000c000364e                bitmap_set
 .text          0x00000000c0003709      0x449 build/string.o
                0x00000000c0003709                memset
                0x00000000c0003765                memcpy
                0x00000000c00037d1                memcmp
                0x00000000c0003861                strcpy
                0x00000000c00038c3                strlen
                0x00000000c0003919                strcmp
                0x00000000c00039a0                strchr
                0x00000000c0003a05                strrchr
                0x00000000c0003a6e                strcat
                0x00000000c0003ae5                strchrs
 .text          0x00000000c0003b52      0x72b build/thread.o
                0x00000000c0003b68                running_thread
                0x00000000c0003bcc                thread_create
                0x00000000c0003c42                init_thread
                0x00000000c0003d48                thread_start
                0x00000000c0003ec3                schedule
                0x00000000c0004013                thread_block
                0x00000000c000407a                thread_unblock
                0x00000000c0004185                thread_yield
                0x00000000c000420b                thread_init
 .text          0x00000000c000427d      0x1e3 build/list.o
                0x00000000c000427d                list_init
                0x00000000c00042aa                list_insert_before
                0x00000000c00042eb                list_push
                0x00000000c0004308                list_append
                0x00000000c0004325                list_remove
                0x00000000c000435b                list_pop
                0x00000000c000437a                elem_find
                0x00000000c00043b5                list_traversal
                0x00000000c0004412                list_len
                0x00000000c0004447                list_empty
 .text          0x00000000c0004460       0x15 build/switch.o
                0x00000000c0004460                switch_to
 .text          0x00000000c0004475       0x9a build/console.o
                0x00000000c0004475                console_init
                0x00000000c0004489                console_acquire
                0x00000000c000449d                console_release
                0x00000000c00044b1                console_put_str
                0x00000000c00044ce                console_put_char
                0x00000000c00044f2                console_put_int
 .text          0x00000000c000450f      0x347 build/sync.o
                0x00000000c000450f                sema_init
                0x00000000c0004534                lock_init
                0x00000000c0004565                sema_down
                0x00000000c0004679                sema_up
                0x00000000c000472f                lock_acquire
                0x00000000c00047ab                lock_release
 .text          0x00000000c0004856      0x2de build/keyboard.o
                0x00000000c0004af4                keyboard_init
 .text          0x00000000c0004b34      0x2ef build/ioqueue.o
                0x00000000c0004b34                ioqueue_init
                0x00000000c0004b8f                ioq_full
                0x00000000c0004cc7                ioq_getchar
                0x00000000c0004d74                ioq_putchar
 .text          0x00000000c0004e23      0x1af build/tss.o
                0x00000000c0004e23                update_tss_esp
                0x00000000c0004ea4                tss_init
 .text          0x00000000c0004fd2      0x365 build/process.o
                0x00000000c0004fd2                start_process
                0x00000000c00050d8                page_dir_activate
                0x00000000c0005108                process_activate
                0x00000000c000515a                create_page_dir
                0x00000000c00051cb                create_user_vaddr_bitmap
                0x00000000c000520d                process_execute
 .text          0x00000000c0005337       0x73 build/syscall.o
                0x00000000c0005337                getpid
                0x00000000c000534c                write
                0x00000000c000536f                malloc
                0x00000000c000538e                free
 .text          0x00000000c00053aa       0x78 build/syscall-init.o
                0x00000000c00053aa                sys_getpid
                0x00000000c00053bc                sys_write
                0x00000000c00053da                syscall_init
 .text          0x00000000c0005422      0x2bb build/stdio.o
                0x00000000c00054a9                vsprintf
                0x00000000c000562d                sprintf
                0x00000000c0005661                printf
 .text          0x00000000c00056dd      0xe04 build/ide.o
                0x00000000c00059f7                ide_read
                0x00000000c0005b85                ide_write
                0x00000000c0006217                intr_hd_handler
                0x00000000c00062d8                ide_init
 .text          0x00000000c00064e1       0x62 build/stdio-kernel.o
                0x00000000c00064e1                printk
 .text          0x00000000c0006543      0x667 build/fs.o
                0x00000000c0006a06                filesys_init
 .text          0x00000000c0006baa        0x0 build/inode.o
 .text          0x00000000c0006baa        0x0 build/file.o
 .text          0x00000000c0006baa        0x0 build/dir.o
 *(.gnu.warning)

.fini
 *(SORT(.fini))
                0x00000000c0006baa                PROVIDE (__etext, .)
                0x00000000c0006baa                PROVIDE (_etext, .)
                0x00000000c0006baa                PROVIDE (etext, .)

.rodata         0x00000000c0006bac     0x1255
 *(.rodata .rodata.* .gnu.linkonce.r.*)
 .rodata        0x00000000c0006bac       0x15 build/main.o
 .rodata        0x00000000c0006bc1        0xa build/init.o
 *fill*         0x00000000c0006bcb        0x1 
 .rodata        0x00000000c0006bcc      0x2cd build/interrupt.o
 *fill*         0x00000000c0006e99        0x3 
 .rodata        0x00000000c0006e9c       0x87 build/timer.o
 .rodata        0x00000000c0006f23       0x3f build/debug.o
 *fill*         0x00000000c0006f62        0x2 
 .rodata        0x00000000c0006f64      0x3b5 build/memory.o
 *fill*         0x00000000c0007319        0x3 
 .rodata        0x00000000c000731c       0x68 build/bitmap.o
 .rodata        0x00000000c0007384       0xb9 build/string.o
 *fill*         0x00000000c000743d        0x3 
 .rodata        0x00000000c0007440      0x2d0 build/thread.o
 .rodata        0x00000000c0007710      0x12f build/sync.o
 .rodata        0x00000000c000783f       0x36 build/keyboard.o
 *fill*         0x00000000c0007875        0x3 
 .rodata        0x00000000c0007878       0x9d build/ioqueue.o
 .rodata        0x00000000c0007915       0x27 build/tss.o
 .rodata        0x00000000c000793c       0xdd build/process.o
 .rodata        0x00000000c0007a19       0x27 build/syscall-init.o
 .rodata        0x00000000c0007a40      0x1ef build/ide.o
 *fill*         0x00000000c0007c2f        0x1 
 .rodata        0x00000000c0007c30      0x1d1 build/fs.o

.rodata1
 *(.rodata1)

.eh_frame_hdr
 *(.eh_frame_hdr)

.eh_frame       0x00000000c0007e04     0x1268
 *(.eh_frame)
 .eh_frame      0x00000000c0007e04       0x34 build/main.o
 .eh_frame      0x00000000c0007e38       0x20 build/init.o
                                         0x38 (size before relaxing)
 .eh_frame      0x00000000c0007e58      0x188 build/interrupt.o
                                        0x1a0 (size before relaxing)
 .eh_frame      0x00000000c0007fe0       0xcc build/timer.o
                                         0xe4 (size before relaxing)
 .eh_frame      0x00000000c00080ac       0x1c build/debug.o
                                         0x34 (size before relaxing)
 .eh_frame      0x00000000c00080c8      0x2a0 build/memory.o
                                        0x2b8 (size before relaxing)
 .eh_frame      0x00000000c0008368       0x8c build/bitmap.o
                                         0xa4 (size before relaxing)
 .eh_frame      0x00000000c00083f4      0x140 build/string.o
                                        0x158 (size before relaxing)
 .eh_frame      0x00000000c0008534      0x19c build/thread.o
                                        0x1b4 (size before relaxing)
 .eh_frame      0x00000000c00086d0      0x140 build/list.o
                                        0x158 (size before relaxing)
 .eh_frame      0x00000000c0008810       0xc0 build/console.o
                                         0xd8 (size before relaxing)
 .eh_frame      0x00000000c00088d0       0xc8 build/sync.o
                                         0xe0 (size before relaxing)
 .eh_frame      0x00000000c0008998       0x60 build/keyboard.o
                                         0x78 (size before relaxing)
 .eh_frame      0x00000000c00089f8      0x100 build/ioqueue.o
                                        0x118 (size before relaxing)
 .eh_frame      0x00000000c0008af8       0x64 build/tss.o
                                         0x7c (size before relaxing)
 .eh_frame      0x00000000c0008b5c       0xc0 build/process.o
                                         0xd8 (size before relaxing)
 .eh_frame      0x00000000c0008c1c       0x8c build/syscall.o
                                         0xa4 (size before relaxing)
 .eh_frame      0x00000000c0008ca8       0x60 build/syscall-init.o
                                         0x78 (size before relaxing)
 .eh_frame      0x00000000c0008d08       0x94 build/stdio.o
                                         0xac (size before relaxing)
 .eh_frame      0x00000000c0008d9c      0x258 build/ide.o
                                        0x270 (size before relaxing)
 .eh_frame      0x00000000c0008ff4       0x28 build/stdio-kernel.o
                                         0x40 (size before relaxing)
 .eh_frame      0x00000000c000901c       0x50 build/fs.o
                                         0x68 (size before relaxing)

.gcc_except_table
 *(.gcc_except_table .gcc_except_table.*)

.exception_ranges
 *(.exception_ranges .exception_ranges*)
                0x00000000c000906c                . = (ALIGN (0x1000) - ((0x1000 - .) & 0xfff))
                0x00000000c000a06c                . = DATA_SEGMENT_ALIGN (0x1000, 0x1000)

.eh_frame
 *(.eh_frame)

.gcc_except_table
 *(.gcc_except_table .gcc_except_table.*)

.exception_ranges
 *(.exception_ranges .exception_ranges*)

.tdata
 *(.tdata .tdata.* .gnu.linkonce.td.*)

.tbss
 *(.tbss .tbss.* .gnu.linkonce.tb.*)
 *(.tcommon)

.preinit_array  0x00000000c000a06c        0x0
                0x00000000c000a06c                PROVIDE (__preinit_array_start, .)
 *(.preinit_array)
                0x00000000c000a06c                PROVIDE (__preinit_array_end, .)

.init_array     0x00000000c000a06c        0x0
                0x00000000c000a06c                PROVIDE (__init_array_start, .)
 *(SORT(.init_array.*) SORT(.ctors.*))
 *(.init_array EXCLUDE_FILE(*crtend?.o *crtend.o *crtbegin?.o *crtbegin.o) .ctors)
                0x00000000c000a06c                PROVIDE (__init_array_end, .)

.fini_array     0x00000000c000a06c        0x0
                0x00000000c000a06c                PROVIDE (__fini_array_start, .)
 *(SORT(.fini_array.*) SORT(.dtors.*))
 *(.fini_array EXCLUDE_FILE(*crtend?.o *crtend.o *crtbegin?.o *crtbegin.o) .dtors)
                0x00000000c000a06c                PROVIDE (__fini_array_end, .)

.ctors
 *crtbegin.o(.ctors)
 *crtbegin?.o(.ctors)
 *(EXCLUDE_FILE(*crtend?.o *crtend.o) .ctors)
 *(SORT(.ctors.*))
 *(.ctors)

.dtors
 *crtbegin.o(.dtors)
 *crtbegin?.o(.dtors)
 *(EXCLUDE_FILE(*crtend?.o *crtend.o) .dtors)
 *(SORT(.dtors.*))
 *(.dtors)

.jcr
 *(.jcr)

.data.rel.ro
 *(.data.rel.ro.local* .gnu.linkonce.d.rel.ro.local.*)
 *(.data.rel.ro .data.rel.ro.* .gnu.linkonce.d.rel.ro.*)

.dynamic
 *(.dynamic)

.got
 *(.got)
 *(.igot)
                0x00000000c000a06c                . = DATA_SEGMENT_RELRO_END (., (SIZEOF (.got.plt) >= 0xc)?0xc:0x0)

.got.plt        0x00000000c000a06c        0x0
 *(.got.plt)
 *(.igot.plt)
 .igot.plt      0x0000000000000000        0x0 build/main.o

.data           0x00000000c000a080      0x156
 *(.data .data.* .gnu.linkonce.d.*)
 .data          0x00000000c000a080        0x0 build/main.o
 .data          0x00000000c000a080        0x0 build/init.o
 .data          0x00000000c000a080        0x0 build/interrupt.o
 .data          0x00000000c000a080        0x0 build/timer.o
 .data          0x00000000c000a080       0xc0 build/kernel.o
                0x00000000c000a080                intr_entry_table
 .data          0x00000000c000a140        0x8 build/print.o
 .data          0x00000000c000a148        0x0 build/debug.o
 .data          0x00000000c000a148        0x0 build/memory.o
 .data          0x00000000c000a148        0x0 build/bitmap.o
 .data          0x00000000c000a148        0x0 build/string.o
 .data          0x00000000c000a148        0x0 build/thread.o
 .data          0x00000000c000a148        0x0 build/list.o
 .data          0x00000000c000a148        0x0 build/console.o
 .data          0x00000000c000a148        0x0 build/sync.o
 *fill*         0x00000000c000a148       0x18 
 .data          0x00000000c000a160       0x76 build/keyboard.o
 .data          0x00000000c000a1d6        0x0 build/ioqueue.o
 .data          0x00000000c000a1d6        0x0 build/tss.o
 .data          0x00000000c000a1d6        0x0 build/process.o
 .data          0x00000000c000a1d6        0x0 build/syscall.o
 .data          0x00000000c000a1d6        0x0 build/syscall-init.o
 .data          0x00000000c000a1d6        0x0 build/stdio.o
 .data          0x00000000c000a1d6        0x0 build/ide.o
 .data          0x00000000c000a1d6        0x0 build/stdio-kernel.o
 .data          0x00000000c000a1d6        0x0 build/fs.o
 .data          0x00000000c000a1d6        0x0 build/inode.o
 .data          0x00000000c000a1d6        0x0 build/file.o
 .data          0x00000000c000a1d6        0x0 build/dir.o

.data1
 *(.data1)
                0x00000000c000a1d6                _edata = .
                0x00000000c000a1d6                PROVIDE (edata, .)
                0x00000000c000a1d6                . = .
                0x00000000c000a1d6                __bss_start = .

.bss            0x00000000c000a1e0     0x1870
 *(.dynbss)
 *(.bss .bss.* .gnu.linkonce.b.*)
 .bss           0x00000000c000a1e0        0x0 build/main.o
 .bss           0x00000000c000a1e0        0x0 build/init.o
 .bss           0x00000000c000a1e0      0x408 build/interrupt.o
 .bss           0x00000000c000a5e8        0x0 build/timer.o
 .bss           0x00000000c000a5e8        0x0 build/debug.o
 .bss           0x00000000c000a5e8        0x0 build/memory.o
 .bss           0x00000000c000a5e8        0x0 build/bitmap.o
 .bss           0x00000000c000a5e8        0x0 build/string.o
 .bss           0x00000000c000a5e8        0x6 build/thread.o
 .bss           0x00000000c000a5ee        0x0 build/list.o
 *fill*         0x00000000c000a5ee        0x2 
 .bss           0x00000000c000a5f0       0x1c build/console.o
 .bss           0x00000000c000a60c        0x0 build/sync.o
 .bss           0x00000000c000a60c       0x14 build/keyboard.o
 .bss           0x00000000c000a620        0x0 build/ioqueue.o
 .bss           0x00000000c000a620       0x6c build/tss.o
 .bss           0x00000000c000a68c        0x0 build/process.o
 .bss           0x00000000c000a68c        0x0 build/syscall.o
 .bss           0x00000000c000a68c        0x0 build/syscall-init.o
 .bss           0x00000000c000a68c        0x0 build/stdio.o
 .bss           0x00000000c000a68c        0x6 build/ide.o
                0x00000000c000a68c                ext_lba_base
                0x00000000c000a690                p_no
                0x00000000c000a691                l_no
 .bss           0x00000000c000a692        0x0 build/stdio-kernel.o
 .bss           0x00000000c000a692        0x0 build/fs.o
 .bss           0x00000000c000a692        0x0 build/inode.o
 .bss           0x00000000c000a692        0x0 build/file.o
 .bss           0x00000000c000a692        0x0 build/dir.o
 *(COMMON)
 *fill*         0x00000000c000a692        0xe 
 COMMON         0x00000000c000a6a0      0x424 build/interrupt.o
                0x00000000c000a6a0                intr_name
                0x00000000c000a8c0                idt_table
 COMMON         0x00000000c000aac4        0x4 build/timer.o
                0x00000000c000aac4                ticks
 *fill*         0x00000000c000aac8       0x18 
 COMMON         0x00000000c000aae0      0x12c build/memory.o
                0x00000000c000aae0                user_pool
                0x00000000c000ab20                k_block_descs
                0x00000000c000abc8                kernel_vaddr
                0x00000000c000abe0                kernel_pool
 COMMON         0x00000000c000ac0c       0x44 build/thread.o
                0x00000000c000ac0c                thread_ready_list
                0x00000000c000ac1c                thread_all_list
                0x00000000c000ac2c                idle_thread
                0x00000000c000ac30                main_thread
                0x00000000c000ac34                pid_lock
 *fill*         0x00000000c000ac50       0x10 
 COMMON         0x00000000c000ac60       0x6c build/keyboard.o
                0x00000000c000ac60                kbd_buf
 *fill*         0x00000000c000accc       0x14 
 COMMON         0x00000000c000ace0       0x80 build/syscall-init.o
                0x00000000c000ace0                syscall_table
 COMMON         0x00000000c000ad60      0xcf0 build/ide.o
                0x00000000c000ad60                channel_cnt
                0x00000000c000ad80                channels
                0x00000000c000ba40                partition_list
                0x00000000c000ba50                . = ALIGN ((. != 0x0)?0x4:0x1)
                0x00000000c000ba50                . = ALIGN (0x4)
                0x00000000c000ba50                . = SEGMENT_START ("ldata-segment", .)
                0x00000000c000ba50                . = ALIGN (0x4)
                0x00000000c000ba50                _end = .
                0x00000000c000ba50                PROVIDE (end, .)
                0x00000000c000ba50                . = DATA_SEGMENT_END (.)

.stab
 *(.stab)

.stabstr
 *(.stabstr)

.stab.excl
 *(.stab.excl)

.stab.exclstr
 *(.stab.exclstr)

.stab.index
 *(.stab.index)

.stab.indexstr
 *(.stab.indexstr)

.comment        0x0000000000000000       0x2b
 *(.comment)
 .comment       0x0000000000000000       0x2b build/main.o
                                         0x2c (size before relaxing)
 .comment       0x0000000000000000       0x2c build/init.o
 .comment       0x0000000000000000       0x2c build/interrupt.o
 .comment       0x0000000000000000       0x2c build/timer.o
 .comment       0x0000000000000000       0x2c build/debug.o
 .comment       0x0000000000000000       0x2c build/memory.o
 .comment       0x0000000000000000       0x2c build/bitmap.o
 .comment       0x0000000000000000       0x2c build/string.o
 .comment       0x0000000000000000       0x2c build/thread.o
 .comment       0x0000000000000000       0x2c build/list.o
 .comment       0x0000000000000000       0x2c build/console.o
 .comment       0x0000000000000000       0x2c build/sync.o
 .comment       0x0000000000000000       0x2c build/keyboard.o
 .comment       0x0000000000000000       0x2c build/ioqueue.o
 .comment       0x0000000000000000       0x2c build/tss.o
 .comment       0x0000000000000000       0x2c build/process.o
 .comment       0x0000000000000000       0x2c build/syscall.o
 .comment       0x0000000000000000       0x2c build/syscall-init.o
 .comment       0x0000000000000000       0x2c build/stdio.o
 .comment       0x0000000000000000       0x2c build/ide.o
 .comment       0x0000000000000000       0x2c build/stdio-kernel.o
 .comment       0x0000000000000000       0x2c build/fs.o
 .comment       0x0000000000000000       0x2c build/inode.o
 .comment       0x0000000000000000       0x2c build/file.o
 .comment       0x0000000000000000       0x2c build/dir.o

.debug
 *(.debug)

.line
 *(.line)

.debug_srcinfo
 *(.debug_srcinfo)

.debug_sfnames
 *(.debug_sfnames)

.debug_aranges
 *(.debug_aranges)

.debug_pubnames
 *(.debug_pubnames)

.debug_info
 *(.debug_info .gnu.linkonce.wi.*)

.debug_abbrev
 *(.debug_abbrev)

.debug_line
 *(.debug_line .debug_line.* .debug_line_end)

.debug_frame
 *(.debug_frame)

.debug_str
 *(.debug_str)

.debug_loc
 *(.debug_loc)

.debug_macinfo
 *(.debug_macinfo)

.debug_weaknames
 *(.debug_weaknames)

.debug_funcnames
 *(.debug_funcnames)

.debug_typenames
 *(.debug_typenames)

.debug_varnames
 *(.debug_varnames)

.debug_pubtypes
 *(.debug_pubtypes)

.debug_ranges
 *(.debug_ranges)

.debug_macro
 *(.debug_macro)

.gnu.attributes
 *(.gnu.attributes)

/DISCARD/
 *(.note.GNU-stack)
 *(.gnu_debuglink)
 *(.gnu.lto_*)
OUTPUT(build/kernel.bin elf32-i386)
